// Jest Snapshot v1, https://goo.gl/fbAQLP

exports[`Button should render button correctly 1`] = `
<button
  type="button"
/>
`;
